building A0
2026-09-08T16:53:21.154837Z  WARN symbolica::coefficient: Created infinity by raising 0 to the power of -1
2026-09-08T16:53:21.154998Z  WARN symbolica::coefficient: Created indeterminate by raising (0+0i) to the power of ⧞
2026-09-08T16:53:21.155376Z  WARN symbolica::coefficient: Created infinity by raising 0 to the power of -1
2026-09-08T16:53:21.155382Z  WARN symbolica::coefficient: Created indeterminate by raising (0+0i) to the power of ⧞
2026-09-08T16:53:21.155786Z  WARN symbolica::coefficient: Created infinity by raising 0 to the power of -1
2026-09-08T16:53:21.155794Z  WARN symbolica::coefficient: Created indeterminate by raising (0+0i) to the power of ⧞
2026-09-08T16:53:21.155929Z  WARN symbolica::coefficient: Created infinity by raising 0 to the power of -1
2026-09-08T16:53:21.155931Z  WARN symbolica::coefficient: Created indeterminate by raising (0+0i) to the power of ⧞
2026-09-08T16:53:21.156182Z  WARN symbolica::coefficient: Created infinity by raising 0 to the power of -1
2026-09-08T16:53:21.156184Z  WARN symbolica::coefficient: Created indeterminate by raising (0+0i) to the power of ⧞
2026-09-08T16:53:21.156303Z  WARN symbolica::coefficient: Created infinity by raising 0 to the power of -1
2026-09-08T16:53:21.156306Z  WARN symbolica::coefficient: Created indeterminate by raising (0+0i) to the power of ⧞
A0: 1437 bytes, 10.030331817s, /tmp/oneloop-assets-final.ISK1VL/assets/a0.bin
building B0
B0: 8968 bytes, 4.079400766s, /tmp/oneloop-assets-final.ISK1VL/assets/b0.bin
building dB0
dB0: 39225 bytes, 4.031128206s, /tmp/oneloop-assets-final.ISK1VL/assets/db0.bin
building C0
C0: 545750 bytes, 4.010995296s, /tmp/oneloop-assets-final.ISK1VL/assets/c0.bin
building D0
D0: 10441150 bytes, 13.120172378s, /tmp/oneloop-assets-final.ISK1VL/assets/d0.bin
